// Vitest Snapshot v1, https://vitest.dev/guide/snapshot.html

exports[`Visual Regression Tests > LocationPermissionHandler Component > should render location permission request > location-permission-request 1`] = `
<div>
  Has location
</div>
`;

exports[`Visual Regression Tests > ManualLocationEntry Component > should not render when closed > manual-location-entry-closed 1`] = `null`;

exports[`Visual Regression Tests > ManualLocationEntry Component > should render coordinates tab > manual-location-entry-coordinates 1`] = `
<div
  class="fixed inset-0 bg-black bg-opacity-50 flex items-center justify-center p-4 z-50"
>
  <div
    class="bg-white rounded-2xl shadow-xl max-w-md w-full max-h-[90vh] overflow-y-auto"
  >
    <div
      class="p-6 border-b border-gray-200"
    >
      <div
        class="flex items-center justify-between"
      >
        <h2
          class="text-xl font-semibold text-gray-800"
        >
          Enter Your Location
        </h2>
        <button
          aria-label="Close"
          class="text-gray-400 hover:text-gray-600 transition-colors"
        >
          <svg
            class="w-6 h-6"
            fill="none"
            stroke="currentColor"
            viewBox="0 0 24 24"
          >
            <path
              d="M6 18L18 6M6 6l12 12"
              stroke-linecap="round"
              stroke-linejoin="round"
              stroke-width="2"
            />
          </svg>
        </button>
      </div>
      <p
        class="text-sm text-gray-600 mt-2"
      >
        We need your location to find nearby Subway restaurants
      </p>
    </div>
    <div
      class="flex border-b border-gray-200"
    >
      <button
        class="flex-1 py-3 px-4 text-sm font-medium transition-colors text-green-600 border-b-2 border-green-600 bg-green-50"
      >
        📍 Address
      </button>
      <button
        class="flex-1 py-3 px-4 text-sm font-medium transition-colors text-gray-500 hover:text-gray-700"
      >
        🌐 Coordinates
      </button>
    </div>
    <div
      class="p-6"
    >
      <form
        class="space-y-4"
      >
        <div>
          <label
            class="block text-sm font-medium text-gray-700 mb-2"
            for="address"
          >
            Street Address or City
          </label>
          <input
            class="w-full px-3 py-2 border border-gray-300 rounded-lg focus:ring-2 focus:ring-green-500 focus:border-green-500 transition-colors"
            id="address"
            placeholder="e.g., 123 Main St, New York, NY"
            type="text"
            value=""
          />
        </div>
        <div
          class="flex gap-3"
        >
          <button
            class="flex-1 py-2 px-4 border border-gray-300 text-gray-700 rounded-lg hover:bg-gray-50 transition-colors"
            type="button"
          >
            Cancel
          </button>
          <button
            class="flex-1 py-2 px-4 bg-green-600 text-white rounded-lg hover:bg-green-700 disabled:bg-gray-300 disabled:cursor-not-allowed transition-colors"
            disabled=""
            type="submit"
          >
            Find Location
          </button>
        </div>
      </form>
    </div>
  </div>
</div>
`;

exports[`Visual Regression Tests > ManualLocationEntry Component > should render manual location entry modal > manual-location-entry-open 1`] = `
<div
  class="fixed inset-0 bg-black bg-opacity-50 flex items-center justify-center p-4 z-50"
>
  <div
    class="bg-white rounded-2xl shadow-xl max-w-md w-full max-h-[90vh] overflow-y-auto"
  >
    <div
      class="p-6 border-b border-gray-200"
    >
      <div
        class="flex items-center justify-between"
      >
        <h2
          class="text-xl font-semibold text-gray-800"
        >
          Enter Your Location
        </h2>
        <button
          aria-label="Close"
          class="text-gray-400 hover:text-gray-600 transition-colors"
        >
          <svg
            class="w-6 h-6"
            fill="none"
            stroke="currentColor"
            viewBox="0 0 24 24"
          >
            <path
              d="M6 18L18 6M6 6l12 12"
              stroke-linecap="round"
              stroke-linejoin="round"
              stroke-width="2"
            />
          </svg>
        </button>
      </div>
      <p
        class="text-sm text-gray-600 mt-2"
      >
        We need your location to find nearby Subway restaurants
      </p>
    </div>
    <div
      class="flex border-b border-gray-200"
    >
      <button
        class="flex-1 py-3 px-4 text-sm font-medium transition-colors text-green-600 border-b-2 border-green-600 bg-green-50"
      >
        📍 Address
      </button>
      <button
        class="flex-1 py-3 px-4 text-sm font-medium transition-colors text-gray-500 hover:text-gray-700"
      >
        🌐 Coordinates
      </button>
    </div>
    <div
      class="p-6"
    >
      <form
        class="space-y-4"
      >
        <div>
          <label
            class="block text-sm font-medium text-gray-700 mb-2"
            for="address"
          >
            Street Address or City
          </label>
          <input
            class="w-full px-3 py-2 border border-gray-300 rounded-lg focus:ring-2 focus:ring-green-500 focus:border-green-500 transition-colors"
            id="address"
            placeholder="e.g., 123 Main St, New York, NY"
            type="text"
            value=""
          />
        </div>
        <div
          class="flex gap-3"
        >
          <button
            class="flex-1 py-2 px-4 border border-gray-300 text-gray-700 rounded-lg hover:bg-gray-50 transition-colors"
            type="button"
          >
            Cancel
          </button>
          <button
            class="flex-1 py-2 px-4 bg-green-600 text-white rounded-lg hover:bg-green-700 disabled:bg-gray-300 disabled:cursor-not-allowed transition-colors"
            disabled=""
            type="submit"
          >
            Find Location
          </button>
        </div>
      </form>
    </div>
  </div>
</div>
`;
